Archive member included because of file (symbol)

C:/WinAVR/bin/../lib/gcc/avr/3.4.3/avr5\libgcc.a(_copy_data.o)
                              main.o (__do_copy_data)
C:/WinAVR/bin/../lib/gcc/avr/3.4.3/avr5\libgcc.a(_clear_bss.o)
                              main.o (__do_clear_bss)

Allocating common symbols
Common symbol       size              file

gBuffer             0x80              main.o
address             0x4               main.o
device              0x1               main.o

Memory Configuration

Name             Origin             Length             Attributes
text             0x00000000         0x00020000         xr
data             0x00800060         0x0000ffa0         rw !x
eeprom           0x00810000         0x00010000         rw !x
*default*        0x00000000         0xffffffff

Linker script and memory map

Address of section .data set to 0x800100
LOAD C:/WinAVR/bin/../lib/gcc/avr/3.4.3/../../../../avr/lib/avr5/crtm168.o
LOAD main.o
LOAD uart.o
LOAD lowlevel.o
LOAD C:/WinAVR/bin/../lib/gcc/avr/3.4.3/../../../../avr/lib/avr5\libm.a
Address of section .text set to 0x3800
LOAD C:/WinAVR/bin/../lib/gcc/avr/3.4.3/avr5\libgcc.a
LOAD C:/WinAVR/bin/../lib/gcc/avr/3.4.3/../../../../avr/lib/avr5\libc.a
LOAD C:/WinAVR/bin/../lib/gcc/avr/3.4.3/avr5\libgcc.a

.hash
 *(.hash)

.dynsym
 *(.dynsym)

.dynstr
 *(.dynstr)

.gnu.version
 *(.gnu.version)

.gnu.version_d
 *(.gnu.version_d)

.gnu.version_r
 *(.gnu.version_r)

.rel.init
 *(.rel.init)

.rela.init
 *(.rela.init)

.rel.text
 *(.rel.text)
 *(.rel.text.*)
 *(.rel.gnu.linkonce.t*)

.rela.text
 *(.rela.text)
 *(.rela.text.*)
 *(.rela.gnu.linkonce.t*)

.rel.fini
 *(.rel.fini)

.rela.fini
 *(.rela.fini)

.rel.rodata
 *(.rel.rodata)
 *(.rel.rodata.*)
 *(.rel.gnu.linkonce.r*)

.rela.rodata
 *(.rela.rodata)
 *(.rela.rodata.*)
 *(.rela.gnu.linkonce.r*)

.rel.data
 *(.rel.data)
 *(.rel.data.*)
 *(.rel.gnu.linkonce.d*)

.rela.data
 *(.rela.data)
 *(.rela.data.*)
 *(.rela.gnu.linkonce.d*)

.rel.ctors
 *(.rel.ctors)

.rela.ctors
 *(.rela.ctors)

.rel.dtors
 *(.rel.dtors)

.rela.dtors
 *(.rela.dtors)

.rel.got
 *(.rel.got)

.rela.got
 *(.rela.got)

.rel.bss
 *(.rel.bss)

.rela.bss
 *(.rela.bss)

.rel.plt
 *(.rel.plt)

.rela.plt
 *(.rela.plt)

.text           0x00003800      0x5ae
 *(.vectors)
 .vectors       0x00003800       0x68 C:/WinAVR/bin/../lib/gcc/avr/3.4.3/../../../../avr/lib/avr5/crtm168.o
                0x00003800                __vectors
                0x00003800                __vector_default
                0x00003868                __ctors_start = .
 *(.ctors)
                0x00003868                __ctors_end = .
                0x00003868                __dtors_start = .
 *(.dtors)
                0x00003868                __dtors_end = .
 *(.progmem.gcc*)
 *(.progmem*)
                0x00003868                . = ALIGN (0x2)
 *(.init0)
 *(.init1)
 *(.init2)
 .init2         0x00003868        0xc C:/WinAVR/bin/../lib/gcc/avr/3.4.3/../../../../avr/lib/avr5/crtm168.o
 *(.init3)
 *(.init4)
 .init4         0x00003874       0x16 C:/WinAVR/bin/../lib/gcc/avr/3.4.3/avr5\libgcc.a(_copy_data.o)
                0x00003874                __do_copy_data
 .init4         0x0000388a       0x10 C:/WinAVR/bin/../lib/gcc/avr/3.4.3/avr5\libgcc.a(_clear_bss.o)
                0x0000388a                __do_clear_bss
 *(.init5)
 *(.init6)
 *(.init7)
 *(.init8)
 *(.init9)
 .init9         0x0000389a        0x4 C:/WinAVR/bin/../lib/gcc/avr/3.4.3/../../../../avr/lib/avr5/crtm168.o
 *(.text)
 .text          0x0000389e        0x4 C:/WinAVR/bin/../lib/gcc/avr/3.4.3/../../../../avr/lib/avr5/crtm168.o
                0x0000389e                __vector_22
                0x0000389e                __vector_1
                0x0000389e                __vector_24
                0x0000389e                __vector_12
                0x0000389e                __bad_interrupt
                0x0000389e                __vector_6
                0x0000389e                __vector_3
                0x0000389e                __vector_23
                0x0000389e                __vector_25
                0x0000389e                __vector_11
                0x0000389e                __vector_13
                0x0000389e                __vector_17
                0x0000389e                __vector_19
                0x0000389e                __vector_7
                0x0000389e                __vector_5
                0x0000389e                __vector_4
                0x0000389e                __vector_9
                0x0000389e                __vector_2
                0x0000389e                __vector_21
                0x0000389e                __vector_15
                0x0000389e                __vector_8
                0x0000389e                __vector_14
                0x0000389e                __vector_10
                0x0000389e                __vector_16
                0x0000389e                __vector_18
                0x0000389e                __vector_20
 .text          0x000038a2      0x46a main.o
                0x000038a2                send_boot
                0x000038ce                BufferLoad
                0x00003af6                main
                0x00003a52                BlockRead
 .text          0x00003d0c       0x94 uart.o
                0x00003d68                recchar
                0x00003d0c                USART_Init
                0x00003d28                sendchar
 .text          0x00003da0        0xe lowlevel.o
                0x00003da0                read_fuse_lock
                0x00003dae                . = ALIGN (0x2)
 *(.text.*)
                0x00003dae                . = ALIGN (0x2)
 *(.fini9)
 *(.fini8)
 *(.fini7)
 *(.fini6)
 *(.fini5)
 *(.fini4)
 *(.fini3)
 *(.fini2)
 *(.fini1)
 *(.fini0)
                0x00003dae                _etext = .

.data           0x00800100        0x0 load address 0x00003dae
                0x00800100                PROVIDE (__data_start, .)
 *(.data)
 *(.gnu.linkonce.d*)
                0x00800100                . = ALIGN (0x2)
                0x00800100                _edata = .
                0x00800100                PROVIDE (__data_end, .)

.bss            0x00800100       0x87
                0x00800100                PROVIDE (__bss_start, .)
 *(.bss)
 .bss           0x00800100        0x2 main.o
                0x00800100                jump_to_app
 *(COMMON)
 COMMON         0x00800102       0x85 main.o
                                  0x0 (size before relaxing)
                0x00800102                gBuffer
                0x00800182                address
                0x00800186                device
                0x00800187                PROVIDE (__bss_end, .)
                0x00003dae                __data_load_start = LOADADDR (.data)
                0x00003dae                __data_load_end = (__data_load_start + SIZEOF (.data))

.noinit         0x00800187        0x0
                0x00800187                PROVIDE (__noinit_start, .)
 *(.noinit*)
                0x00800187                PROVIDE (__noinit_end, .)
                0x00800187                _end = .
                0x00800187                PROVIDE (__heap_start, .)

.eeprom         0x00810000        0x0
 *(.eeprom*)
                0x00810000                __eeprom_end = .

.stab           0x00000000      0xe70
 *(.stab)
 .stab          0x00000000      0x9c0 main.o
 .stab          0x000009c0      0x2dc uart.o
                                0x378 (size before relaxing)
 .stab          0x00000c9c      0x1d4 lowlevel.o
                                0x288 (size before relaxing)

.stabstr        0x00000000      0x924
 *(.stabstr)
 .stabstr       0x00000000      0x924 main.o
                                  0x0 (size before relaxing)

.stab.excl
 *(.stab.excl)

.stab.exclstr
 *(.stab.exclstr)

.stab.index
 *(.stab.index)

.stab.indexstr
 *(.stab.indexstr)

.comment
 *(.comment)

.debug
 *(.debug)

.line
 *(.line)

.debug_srcinfo
 *(.debug_srcinfo)

.debug_sfnames
 *(.debug_sfnames)

.debug_aranges
 *(.debug_aranges)

.debug_pubnames
 *(.debug_pubnames)

.debug_info
 *(.debug_info)
 *(.gnu.linkonce.wi.*)

.debug_abbrev
 *(.debug_abbrev)

.debug_line
 *(.debug_line)

.debug_frame
 *(.debug_frame)

.debug_str
 *(.debug_str)

.debug_loc
 *(.debug_loc)

.debug_macinfo
 *(.debug_macinfo)
OUTPUT(main.elf elf32-avr)

Cross Reference Table

Symbol                                            File
BlockRead                                         main.o
BufferLoad                                        main.o
USART_Init                                        uart.o
                                                  main.o
__bad_interrupt                                   C:/WinAVR/bin/../lib/gcc/avr/3.4.3/../../../../avr/lib/avr5/crtm168.o
__bss_end                                         C:/WinAVR/bin/../lib/gcc/avr/3.4.3/avr5\libgcc.a(_clear_bss.o)
__bss_start                                       C:/WinAVR/bin/../lib/gcc/avr/3.4.3/avr5\libgcc.a(_clear_bss.o)
__data_end                                        C:/WinAVR/bin/../lib/gcc/avr/3.4.3/avr5\libgcc.a(_copy_data.o)
__data_load_start                                 C:/WinAVR/bin/../lib/gcc/avr/3.4.3/avr5\libgcc.a(_copy_data.o)
__data_start                                      C:/WinAVR/bin/../lib/gcc/avr/3.4.3/avr5\libgcc.a(_copy_data.o)
__do_clear_bss                                    C:/WinAVR/bin/../lib/gcc/avr/3.4.3/avr5\libgcc.a(_clear_bss.o)
                                                  lowlevel.o
                                                  uart.o
                                                  main.o
__do_copy_data                                    C:/WinAVR/bin/../lib/gcc/avr/3.4.3/avr5\libgcc.a(_copy_data.o)
                                                  lowlevel.o
                                                  uart.o
                                                  main.o
__heap_end                                        C:/WinAVR/bin/../lib/gcc/avr/3.4.3/../../../../avr/lib/avr5/crtm168.o
__init                                            C:/WinAVR/bin/../lib/gcc/avr/3.4.3/../../../../avr/lib/avr5/crtm168.o
__stack                                           C:/WinAVR/bin/../lib/gcc/avr/3.4.3/../../../../avr/lib/avr5/crtm168.o
                                                  main.o
__vector_1                                        C:/WinAVR/bin/../lib/gcc/avr/3.4.3/../../../../avr/lib/avr5/crtm168.o
__vector_10                                       C:/WinAVR/bin/../lib/gcc/avr/3.4.3/../../../../avr/lib/avr5/crtm168.o
__vector_11                                       C:/WinAVR/bin/../lib/gcc/avr/3.4.3/../../../../avr/lib/avr5/crtm168.o
__vector_12                                       C:/WinAVR/bin/../lib/gcc/avr/3.4.3/../../../../avr/lib/avr5/crtm168.o
__vector_13                                       C:/WinAVR/bin/../lib/gcc/avr/3.4.3/../../../../avr/lib/avr5/crtm168.o
__vector_14                                       C:/WinAVR/bin/../lib/gcc/avr/3.4.3/../../../../avr/lib/avr5/crtm168.o
__vector_15                                       C:/WinAVR/bin/../lib/gcc/avr/3.4.3/../../../../avr/lib/avr5/crtm168.o
__vector_16                                       C:/WinAVR/bin/../lib/gcc/avr/3.4.3/../../../../avr/lib/avr5/crtm168.o
__vector_17                                       C:/WinAVR/bin/../lib/gcc/avr/3.4.3/../../../../avr/lib/avr5/crtm168.o
__vector_18                                       C:/WinAVR/bin/../lib/gcc/avr/3.4.3/../../../../avr/lib/avr5/crtm168.o
__vector_19                                       C:/WinAVR/bin/../lib/gcc/avr/3.4.3/../../../../avr/lib/avr5/crtm168.o
__vector_2                                        C:/WinAVR/bin/../lib/gcc/avr/3.4.3/../../../../avr/lib/avr5/crtm168.o
__vector_20                                       C:/WinAVR/bin/../lib/gcc/avr/3.4.3/../../../../avr/lib/avr5/crtm168.o
__vector_21                                       C:/WinAVR/bin/../lib/gcc/avr/3.4.3/../../../../avr/lib/avr5/crtm168.o
__vector_22                                       C:/WinAVR/bin/../lib/gcc/avr/3.4.3/../../../../avr/lib/avr5/crtm168.o
__vector_23                                       C:/WinAVR/bin/../lib/gcc/avr/3.4.3/../../../../avr/lib/avr5/crtm168.o
__vector_24                                       C:/WinAVR/bin/../lib/gcc/avr/3.4.3/../../../../avr/lib/avr5/crtm168.o
__vector_25                                       C:/WinAVR/bin/../lib/gcc/avr/3.4.3/../../../../avr/lib/avr5/crtm168.o
__vector_3                                        C:/WinAVR/bin/../lib/gcc/avr/3.4.3/../../../../avr/lib/avr5/crtm168.o
__vector_4                                        C:/WinAVR/bin/../lib/gcc/avr/3.4.3/../../../../avr/lib/avr5/crtm168.o
__vector_5                                        C:/WinAVR/bin/../lib/gcc/avr/3.4.3/../../../../avr/lib/avr5/crtm168.o
__vector_6                                        C:/WinAVR/bin/../lib/gcc/avr/3.4.3/../../../../avr/lib/avr5/crtm168.o
__vector_7                                        C:/WinAVR/bin/../lib/gcc/avr/3.4.3/../../../../avr/lib/avr5/crtm168.o
__vector_8                                        C:/WinAVR/bin/../lib/gcc/avr/3.4.3/../../../../avr/lib/avr5/crtm168.o
__vector_9                                        C:/WinAVR/bin/../lib/gcc/avr/3.4.3/../../../../avr/lib/avr5/crtm168.o
__vector_default                                  C:/WinAVR/bin/../lib/gcc/avr/3.4.3/../../../../avr/lib/avr5/crtm168.o
__vectors                                         C:/WinAVR/bin/../lib/gcc/avr/3.4.3/../../../../avr/lib/avr5/crtm168.o
address                                           main.o
device                                            main.o
gBuffer                                           main.o
jump_to_app                                       main.o
main                                              main.o
                                                  C:/WinAVR/bin/../lib/gcc/avr/3.4.3/../../../../avr/lib/avr5/crtm168.o
read_fuse_lock                                    lowlevel.o
                                                  main.o
recchar                                           uart.o
                                                  main.o
send_boot                                         main.o
sendchar                                          uart.o
                                                  main.o
