Archive member included because of file (symbol)

c:/winavr-20100110/bin/../lib/gcc/avr/4.3.3/avr4\libgcc.a(_udivmodqi4.o)
                              C:\Users\jason\AppData\Local\Temp/ccYDLWOO.o (__udivmodqi4)
c:/winavr-20100110/bin/../lib/gcc/avr/4.3.3/avr4\libgcc.a(_udivmodhi4.o)
                              C:\Users\jason\AppData\Local\Temp/cckVrdUP.o (__udivmodhi4)
c:/winavr-20100110/bin/../lib/gcc/avr/4.3.3/avr4\libgcc.a(_udivmodsi4.o)
                              C:\Users\jason\AppData\Local\Temp/ccMPPg7W.o (__udivmodsi4)
c:/winavr-20100110/bin/../lib/gcc/avr/4.3.3/avr4\libgcc.a(_divmodsi4.o)
                              C:\Users\jason\AppData\Local\Temp/ccEhCu2L.o (__divmodsi4)
c:/winavr-20100110/bin/../lib/gcc/avr/4.3.3/avr4\libgcc.a(_exit.o)
                              c:/winavr-20100110/bin/../lib/gcc/avr/4.3.3/../../../../avr/lib/avr4/crtm88.o (exit)
c:/winavr-20100110/bin/../lib/gcc/avr/4.3.3/avr4\libgcc.a(_copy_data.o)
                              C:\Users\jason\AppData\Local\Temp/ccgZlqtl.o (__do_copy_data)
c:/winavr-20100110/bin/../lib/gcc/avr/4.3.3/avr4\libgcc.a(_clear_bss.o)
                              C:\Users\jason\AppData\Local\Temp/cckVrdUP.o (__do_clear_bss)

Allocating common symbols
Common symbol       size              file

i2c_buf             0x5               C:\Users\jason\AppData\Local\Temp/cckVrdUP.o
Pwm_flag            0x1               C:\Users\jason\AppData\Local\Temp/ccTh27Wp.o
google              0x1               C:\Users\jason\AppData\Local\Temp/ccTh27Wp.o
oogle               0x1               C:\Users\jason\AppData\Local\Temp/ccgZlqtl.o
charging_info       0x2               C:\Users\jason\AppData\Local\Temp/ccTh27Wp.o
ChargeState         0x1               C:\Users\jason\AppData\Local\Temp/ccTh27Wp.o
i                   0x1               C:\Users\jason\AppData\Local\Temp/cc6VcCNQ.o
SystemTimers        0x2               C:\Users\jason\AppData\Local\Temp/cckVrdUP.o
gFAST_CURRENT_MAX   0x2               C:\Users\jason\AppData\Local\Temp/ccTh27Wp.o
RxSerial            0x45              C:\Users\jason\AppData\Local\Temp/ccMPPg7W.o
MasterTimePresent   0x1               C:\Users\jason\AppData\Local\Temp/ccTh27Wp.o
time                0xa               C:\Users\jason\AppData\Local\Temp/ccTh27Wp.o
gFAST_VOLTAGE_TERMINATE
                    0x2               C:\Users\jason\AppData\Local\Temp/ccTh27Wp.o
PackInfo            0x4d              C:\Users\jason\AppData\Local\Temp/cc6h0QsN.o
Time                0xa               C:\Users\jason\AppData\Local\Temp/ccT0e6qX.o
TxSerial            0x21              C:\Users\jason\AppData\Local\Temp/ccMPPg7W.o
Kbd                 0x2               C:\Users\jason\AppData\Local\Temp/ccMnt6y2.o
VirginSlaveSetTime  0x1               C:\Users\jason\AppData\Local\Temp/ccTh27Wp.o
Menu                0x9               C:\Users\jason\AppData\Local\Temp/ccgZlqtl.o
SystemTime          0x6               C:\Users\jason\AppData\Local\Temp/cckVrdUP.o

Memory Configuration

Name             Origin             Length             Attributes
text             0x00000000         0x00002000         xr
data             0x00800060         0x0000ffa0         rw !x
eeprom           0x00810000         0x00010000         rw !x
fuse             0x00820000         0x00000400         rw !x
lock             0x00830000         0x00000400         rw !x
signature        0x00840000         0x00000400         rw !x
*default*        0x00000000         0xffffffff

Linker script and memory map

Address of section .data set to 0x800100
LOAD c:/winavr-20100110/bin/../lib/gcc/avr/4.3.3/../../../../avr/lib/avr4/crtm88.o
LOAD C:\Users\jason\AppData\Local\Temp/cckVrdUP.o
LOAD C:\Users\jason\AppData\Local\Temp/ccKsNZWg.o
LOAD C:\Users\jason\AppData\Local\Temp/cc0k6fNJ.o
LOAD C:\Users\jason\AppData\Local\Temp/ccgZlqtl.o
LOAD C:\Users\jason\AppData\Local\Temp/ccMnt6y2.o
LOAD C:\Users\jason\AppData\Local\Temp/cc6VcCNQ.o
LOAD C:\Users\jason\AppData\Local\Temp/ccEhCu2L.o
LOAD C:\Users\jason\AppData\Local\Temp/ccYDLWOO.o
LOAD C:\Users\jason\AppData\Local\Temp/ccMPPg7W.o
LOAD C:\Users\jason\AppData\Local\Temp/ccT0e6qX.o
LOAD C:\Users\jason\AppData\Local\Temp/ccYAX0n3.o
LOAD C:\Users\jason\AppData\Local\Temp/ccTh27Wp.o
LOAD C:\Users\jason\AppData\Local\Temp/cc6h0QsN.o
LOAD c:/winavr-20100110/bin/../lib/gcc/avr/4.3.3/avr4\libgcc.a
LOAD c:/winavr-20100110/bin/../lib/gcc/avr/4.3.3/../../../../avr/lib/avr4\libc.a
LOAD c:/winavr-20100110/bin/../lib/gcc/avr/4.3.3/avr4\libgcc.a

.hash
 *(.hash)

.dynsym
 *(.dynsym)

.dynstr
 *(.dynstr)

.gnu.version
 *(.gnu.version)

.gnu.version_d
 *(.gnu.version_d)

.gnu.version_r
 *(.gnu.version_r)

.rel.init
 *(.rel.init)

.rela.init
 *(.rela.init)

.rel.text
 *(.rel.text)
 *(.rel.text.*)
 *(.rel.gnu.linkonce.t*)

.rela.text
 *(.rela.text)
 *(.rela.text.*)
 *(.rela.gnu.linkonce.t*)

.rel.fini
 *(.rel.fini)

.rela.fini
 *(.rela.fini)

.rel.rodata
 *(.rel.rodata)
 *(.rel.rodata.*)
 *(.rel.gnu.linkonce.r*)

.rela.rodata
 *(.rela.rodata)
 *(.rela.rodata.*)
 *(.rela.gnu.linkonce.r*)

.rel.data
 *(.rel.data)
 *(.rel.data.*)
 *(.rel.gnu.linkonce.d*)

.rela.data
 *(.rela.data)
 *(.rela.data.*)
 *(.rela.gnu.linkonce.d*)

.rel.ctors
 *(.rel.ctors)

.rela.ctors
 *(.rela.ctors)

.rel.dtors
 *(.rel.dtors)

.rela.dtors
 *(.rela.dtors)

.rel.got
 *(.rel.got)

.rela.got
 *(.rela.got)

.rel.bss
 *(.rel.bss)

.rela.bss
 *(.rela.bss)

.rel.plt
 *(.rel.plt)

.rela.plt
 *(.rela.plt)

.text           0x00000000     0x1fb4
 *(.vectors)
 .vectors       0x00000000       0x34 c:/winavr-20100110/bin/../lib/gcc/avr/4.3.3/../../../../avr/lib/avr4/crtm88.o
                0x00000000                __vectors
                0x00000000                __vector_default
 *(.vectors)
 *(.progmem.gcc*)
 *(.progmem*)
 .progmem.data  0x00000034       0x11 C:\Users\jason\AppData\Local\Temp/ccYDLWOO.o
                0x00000046                . = ALIGN (0x2)
 *fill*         0x00000045        0x1 00
                0x00000046                __trampolines_start = .
 *(.trampolines)
 .trampolines   0x00000046        0x0 linker stubs
 *(.trampolines*)
                0x00000046                __trampolines_end = .
 *(.jumptables)
 *(.jumptables*)
 *(.lowtext)
 *(.lowtext*)
                0x00000046                __ctors_start = .
 *(.ctors)
                0x00000046                __ctors_end = .
                0x00000046                __dtors_start = .
 *(.dtors)
                0x00000046                __dtors_end = .
 SORT(*)(.ctors)
 SORT(*)(.dtors)
 *(.init0)
 .init0         0x00000046        0x0 c:/winavr-20100110/bin/../lib/gcc/avr/4.3.3/../../../../avr/lib/avr4/crtm88.o
                0x00000046                __init
 *(.init0)
 *(.init1)
 *(.init1)
 *(.init2)
 .init2         0x00000046        0xc c:/winavr-20100110/bin/../lib/gcc/avr/4.3.3/../../../../avr/lib/avr4/crtm88.o
 *(.init2)
 *(.init3)
 *(.init3)
 *(.init4)
 .init4         0x00000052       0x16 c:/winavr-20100110/bin/../lib/gcc/avr/4.3.3/avr4\libgcc.a(_copy_data.o)
                0x00000052                __do_copy_data
 .init4         0x00000068       0x10 c:/winavr-20100110/bin/../lib/gcc/avr/4.3.3/avr4\libgcc.a(_clear_bss.o)
                0x00000068                __do_clear_bss
 *(.init4)
 *(.init5)
 *(.init5)
 *(.init6)
 *(.init6)
 *(.init7)
 *(.init7)
 *(.init8)
 *(.init8)
 *(.init9)
 .init9         0x00000078        0x4 c:/winavr-20100110/bin/../lib/gcc/avr/4.3.3/../../../../avr/lib/avr4/crtm88.o
 *(.init9)
 *(.text)
 .text          0x0000007c        0x2 c:/winavr-20100110/bin/../lib/gcc/avr/4.3.3/../../../../avr/lib/avr4/crtm88.o
                0x0000007c                __vector_22
                0x0000007c                __vector_1
                0x0000007c                __vector_24
                0x0000007c                __vector_12
                0x0000007c                __bad_interrupt
                0x0000007c                __vector_6
                0x0000007c                __vector_3
                0x0000007c                __vector_23
                0x0000007c                __vector_25
                0x0000007c                __vector_11
                0x0000007c                __vector_17
                0x0000007c                __vector_19
                0x0000007c                __vector_7
                0x0000007c                __vector_5
                0x0000007c                __vector_4
                0x0000007c                __vector_9
                0x0000007c                __vector_2
                0x0000007c                __vector_21
                0x0000007c                __vector_15
                0x0000007c                __vector_8
                0x0000007c                __vector_14
                0x0000007c                __vector_10
                0x0000007c                __vector_16
 .text          0x0000007e       0x66 C:\Users\jason\AppData\Local\Temp/cckVrdUP.o
                0x000000ba                Wait
                0x0000007e                delay
 .text          0x000000e4       0x1e C:\Users\jason\AppData\Local\Temp/ccKsNZWg.o
                0x000000f4                EEPROM_INT_read
                0x000000e4                EEPROM_INT_write
 .text          0x00000102       0xd2 C:\Users\jason\AppData\Local\Temp/cc0k6fNJ.o
                0x00000172                lcdprintChar
                0x000001a6                lcdprintat
                0x0000011e                lcdprint_dec_u08
                0x00000102                lcdprint_dec_u16
                0x0000018a                lcdprint
                0x0000015a                lcdprint_hex_u08
                0x0000013e                lcdprint_hex_u16
 .text          0x000001d4      0x406 C:\Users\jason\AppData\Local\Temp/ccgZlqtl.o
                0x000001fc                Menu_Show_Charging_VI
                0x000001da                Menu_Display_TimeDigits
                0x000001d4                Menu_Change
                0x00000586                Menu_Show
                0x0000041c                Menu_Set_Time
                0x000003b8                Menu_Show_Time
 .text          0x000005da       0xb2 C:\Users\jason\AppData\Local\Temp/ccMnt6y2.o
                0x000005da                Kbd_Enable
                0x000005fa                Kbd_Scan
 .text          0x0000068c      0x184 C:\Users\jason\AppData\Local\Temp/cc6VcCNQ.o
                0x00000788                lcdHome
                0x00000706                lcdControlWrite
                0x00000698                LCD_ENABLE
                0x00000730                lcdDataWrite
                0x000007f4                lcdInit
                0x0000068c                LCD_RS
                0x000006b0                LCD_ADELAY
                0x000007bc                lcdInitHW
                0x000006a4                LCD_RW
                0x0000075a                lcdGotoXY
                0x00000790                lcdClear
                0x000006ba                LCD_Wr
 .text          0x00000810      0x278 C:\Users\jason\AppData\Local\Temp/ccEhCu2L.o
                0x0000084a                i2cInit
                0x0000087c                i2cSendStart
                0x00000898                i2cWaitForComplete
                0x000008ea                i2cGetReceivedByte
                0x000008f6                i2cMasterSendNI
                0x000008f0                i2cGetStatus
                0x000008a2                i2cSendByte
                0x0000086c                i2cSetLocalDeviceAddr
                0x000009be                i2cMasterReceiveNI
                0x000008ca                i2cReceiveByte
                0x00000810                i2cSetBitrate
                0x0000088a                i2cSendStop
 .text          0x00000a88      0x212 C:\Users\jason\AppData\Local\Temp/ccYDLWOO.o
                0x00000b0c                rprintfu08
                0x00000ab6                rprintf_rom
                0x00000b1e                rprintfu16
                0x00000a88                rprintfInit
                0x00000b00                rprintfChar
                0x00000b2e                rprintf_dec_u16
                0x00000bfc                rprintf_dec_u08
                0x00000a92                rprintf
                0x00000ae2                rprintfu04
 .text          0x00000c9a      0x1d0 C:\Users\jason\AppData\Local\Temp/ccMPPg7W.o
                0x00000da4                uart_ClearRXbuffers
                0x00000e5c                uartGetChar
                0x00000dd2                uartInit
                0x00000df0                uartSetBaudRate
                0x00000e44                uartSendChar
                0x00000c9a                __vector_18
                0x00000d3a                __vector_20
 .text          0x00000e6a      0x148 C:\Users\jason\AppData\Local\Temp/ccT0e6qX.o
                0x00000e88                Time_settime
                0x00000e6a                Time_InitRTC
                0x00000f22                Time_readtime
 .text          0x00000fb2       0x20 C:\Users\jason\AppData\Local\Temp/ccYAX0n3.o
                0x00000fb2                Wind_powerpin
                0x00000fc0                IO_Read_SleepJumper
 .text          0x00000fd2      0xf24 C:\Users\jason\AppData\Local\Temp/ccTh27Wp.o
                0x00001274                Comms_Master_SendPkt
                0x00001c72                InitHW
                0x00001b92                Comms_Get_PackInfo
                0x00001444                Comms_Get_PackTemperature
                0x0000117e                Comms_Master_SPI_Init
                0x00001016                Pwm_inc
                0x000012a0                Comms_Master_ReadByte
                0x00001658                Display_PackTimes
                0x00001336                Comms_Master_SendandReceive_CmdData
                0x00001172                Check_Pack_Connected
                0x0000158c                Comms_Inc_RechargeCount
                0x00001724                Comms_Get_PackTime
                0x000010c6                Measure
                0x00001b0e                Comms_Set_PackStartStopTime
                0x00001540                Comms_Get_RechargeCount
                0x00001152                Calc_VBatt
                0x00001004                Pwm_on
                0x000016a0                Comms_Set_PackTime
                0x0000130a                Comms_Master_GetPkt
                0x000015c6                __vector_13
                0x00001ae0                MasterCharger_SendTime
                0x00001134                Calc_IBatt
                0x00001062                Stop_Pwm
                0x000011b8                Comms_Master_WaitSetupTime
                0x00001042                Pwm_dec
                0x00001c42                Init_Settings
                0x00001abc                SlaveCharger_UpdateTime
                0x00000fd2                Waiter
                0x00001ce0                main
                0x000014ee                Comms_Get_PackStartStopTime
                0x0000118e                Comms_Master_WaitBitTime
                0x0000112a                Error
                0x000013e2                Comms_Send_Hello_Pack
                0x00001782                Constant_Current
                0x00000ffe                Pwm_off
                0x0000100c                Set_Pwm
                0x000011de                Comms_Master_WriteByte
 .text          0x00001ef6        0x0 C:\Users\jason\AppData\Local\Temp/cc6h0QsN.o
 .text          0x00001ef6        0x0 c:/winavr-20100110/bin/../lib/gcc/avr/4.3.3/avr4\libgcc.a(_udivmodqi4.o)
 .text          0x00001ef6        0x0 c:/winavr-20100110/bin/../lib/gcc/avr/4.3.3/avr4\libgcc.a(_udivmodhi4.o)
 .text          0x00001ef6        0x0 c:/winavr-20100110/bin/../lib/gcc/avr/4.3.3/avr4\libgcc.a(_udivmodsi4.o)
 .text          0x00001ef6        0x0 c:/winavr-20100110/bin/../lib/gcc/avr/4.3.3/avr4\libgcc.a(_divmodsi4.o)
 .text          0x00001ef6        0x0 c:/winavr-20100110/bin/../lib/gcc/avr/4.3.3/avr4\libgcc.a(_exit.o)
 .text          0x00001ef6        0x0 c:/winavr-20100110/bin/../lib/gcc/avr/4.3.3/avr4\libgcc.a(_copy_data.o)
 .text          0x00001ef6        0x0 c:/winavr-20100110/bin/../lib/gcc/avr/4.3.3/avr4\libgcc.a(_clear_bss.o)
                0x00001ef6                . = ALIGN (0x2)
 *(.text.*)
 .text.libgcc   0x00001ef6       0x18 c:/winavr-20100110/bin/../lib/gcc/avr/4.3.3/avr4\libgcc.a(_udivmodqi4.o)
                0x00001ef6                __udivmodqi4
 .text.libgcc   0x00001f0e       0x28 c:/winavr-20100110/bin/../lib/gcc/avr/4.3.3/avr4\libgcc.a(_udivmodhi4.o)
                0x00001f0e                __udivmodhi4
 .text.libgcc   0x00001f36       0x44 c:/winavr-20100110/bin/../lib/gcc/avr/4.3.3/avr4\libgcc.a(_udivmodsi4.o)
                0x00001f36                __udivmodsi4
 .text.libgcc   0x00001f7a       0x36 c:/winavr-20100110/bin/../lib/gcc/avr/4.3.3/avr4\libgcc.a(_divmodsi4.o)
                0x00001f7a                __divmodsi4
 .text.libgcc   0x00001fb0        0x0 c:/winavr-20100110/bin/../lib/gcc/avr/4.3.3/avr4\libgcc.a(_exit.o)
 .text.libgcc   0x00001fb0        0x0 c:/winavr-20100110/bin/../lib/gcc/avr/4.3.3/avr4\libgcc.a(_copy_data.o)
 .text.libgcc   0x00001fb0        0x0 c:/winavr-20100110/bin/../lib/gcc/avr/4.3.3/avr4\libgcc.a(_clear_bss.o)
                0x00001fb0                . = ALIGN (0x2)
 *(.fini9)
 .fini9         0x00001fb0        0x0 c:/winavr-20100110/bin/../lib/gcc/avr/4.3.3/avr4\libgcc.a(_exit.o)
                0x00001fb0                exit
                0x00001fb0                _exit
 *(.fini9)
 *(.fini8)
 *(.fini8)
 *(.fini7)
 *(.fini7)
 *(.fini6)
 *(.fini6)
 *(.fini5)
 *(.fini5)
 *(.fini4)
 *(.fini4)
 *(.fini3)
 *(.fini3)
 *(.fini2)
 *(.fini2)
 *(.fini1)
 *(.fini1)
 *(.fini0)
 .fini0         0x00001fb0        0x4 c:/winavr-20100110/bin/../lib/gcc/avr/4.3.3/avr4\libgcc.a(_exit.o)
 *(.fini0)
                0x00001fb4                _etext = .

.data           0x00800100       0xb6 load address 0x00001fb4
                0x00800100                PROVIDE (__data_start, .)
 *(.data)
 .data          0x00800100        0x0 c:/winavr-20100110/bin/../lib/gcc/avr/4.3.3/../../../../avr/lib/avr4/crtm88.o
 .data          0x00800100        0x0 C:\Users\jason\AppData\Local\Temp/cckVrdUP.o
 .data          0x00800100        0x0 C:\Users\jason\AppData\Local\Temp/ccKsNZWg.o
 .data          0x00800100        0x0 C:\Users\jason\AppData\Local\Temp/cc0k6fNJ.o
 .data          0x00800100       0x41 C:\Users\jason\AppData\Local\Temp/ccgZlqtl.o
 .data          0x00800141        0x0 C:\Users\jason\AppData\Local\Temp/ccMnt6y2.o
 .data          0x00800141       0x15 C:\Users\jason\AppData\Local\Temp/cc6VcCNQ.o
 .data          0x00800156        0x0 C:\Users\jason\AppData\Local\Temp/ccEhCu2L.o
 .data          0x00800156        0x0 C:\Users\jason\AppData\Local\Temp/ccYDLWOO.o
 .data          0x00800156        0x0 C:\Users\jason\AppData\Local\Temp/ccMPPg7W.o
 .data          0x00800156        0x0 C:\Users\jason\AppData\Local\Temp/ccT0e6qX.o
 .data          0x00800156        0x0 C:\Users\jason\AppData\Local\Temp/ccYAX0n3.o
 .data          0x00800156       0x60 C:\Users\jason\AppData\Local\Temp/ccTh27Wp.o
 .data          0x008001b6        0x0 C:\Users\jason\AppData\Local\Temp/cc6h0QsN.o
 .data          0x008001b6        0x0 c:/winavr-20100110/bin/../lib/gcc/avr/4.3.3/avr4\libgcc.a(_udivmodqi4.o)
 .data          0x008001b6        0x0 c:/winavr-20100110/bin/../lib/gcc/avr/4.3.3/avr4\libgcc.a(_udivmodhi4.o)
 .data          0x008001b6        0x0 c:/winavr-20100110/bin/../lib/gcc/avr/4.3.3/avr4\libgcc.a(_udivmodsi4.o)
 .data          0x008001b6        0x0 c:/winavr-20100110/bin/../lib/gcc/avr/4.3.3/avr4\libgcc.a(_divmodsi4.o)
 .data          0x008001b6        0x0 c:/winavr-20100110/bin/../lib/gcc/avr/4.3.3/avr4\libgcc.a(_exit.o)
 .data          0x008001b6        0x0 c:/winavr-20100110/bin/../lib/gcc/avr/4.3.3/avr4\libgcc.a(_copy_data.o)
 .data          0x008001b6        0x0 c:/winavr-20100110/bin/../lib/gcc/avr/4.3.3/avr4\libgcc.a(_clear_bss.o)
 *(.data*)
 *(.rodata)
 *(.rodata*)
 *(.gnu.linkonce.d*)
                0x008001b6                . = ALIGN (0x2)
                0x008001b6                _edata = .
                0x008001b6                PROVIDE (__data_end, .)

.bss            0x008001b6       0xf0
                0x008001b6                PROVIDE (__bss_start, .)
 *(.bss)
 .bss           0x008001b6        0x0 c:/winavr-20100110/bin/../lib/gcc/avr/4.3.3/../../../../avr/lib/avr4/crtm88.o
 .bss           0x008001b6        0x0 C:\Users\jason\AppData\Local\Temp/cckVrdUP.o
 .bss           0x008001b6        0x0 C:\Users\jason\AppData\Local\Temp/ccKsNZWg.o
 .bss           0x008001b6        0x0 C:\Users\jason\AppData\Local\Temp/cc0k6fNJ.o
 .bss           0x008001b6        0x2 C:\Users\jason\AppData\Local\Temp/ccgZlqtl.o
                0x008001b7                chargingdots
                0x008001b6                Charging_Menu
 .bss           0x008001b8        0x0 C:\Users\jason\AppData\Local\Temp/ccMnt6y2.o
 .bss           0x008001b8        0x0 C:\Users\jason\AppData\Local\Temp/cc6VcCNQ.o
 .bss           0x008001b8        0x0 C:\Users\jason\AppData\Local\Temp/ccEhCu2L.o
 .bss           0x008001b8        0x2 C:\Users\jason\AppData\Local\Temp/ccYDLWOO.o
 .bss           0x008001ba        0x0 C:\Users\jason\AppData\Local\Temp/ccMPPg7W.o
 .bss           0x008001ba        0x0 C:\Users\jason\AppData\Local\Temp/ccT0e6qX.o
 .bss           0x008001ba        0x0 C:\Users\jason\AppData\Local\Temp/ccYAX0n3.o
 .bss           0x008001ba        0x0 C:\Users\jason\AppData\Local\Temp/ccTh27Wp.o
 .bss           0x008001ba        0x0 C:\Users\jason\AppData\Local\Temp/cc6h0QsN.o
 .bss           0x008001ba        0x0 c:/winavr-20100110/bin/../lib/gcc/avr/4.3.3/avr4\libgcc.a(_udivmodqi4.o)
 .bss           0x008001ba        0x0 c:/winavr-20100110/bin/../lib/gcc/avr/4.3.3/avr4\libgcc.a(_udivmodhi4.o)
 .bss           0x008001ba        0x0 c:/winavr-20100110/bin/../lib/gcc/avr/4.3.3/avr4\libgcc.a(_udivmodsi4.o)
 .bss           0x008001ba        0x0 c:/winavr-20100110/bin/../lib/gcc/avr/4.3.3/avr4\libgcc.a(_divmodsi4.o)
 .bss           0x008001ba        0x0 c:/winavr-20100110/bin/../lib/gcc/avr/4.3.3/avr4\libgcc.a(_exit.o)
 .bss           0x008001ba        0x0 c:/winavr-20100110/bin/../lib/gcc/avr/4.3.3/avr4\libgcc.a(_copy_data.o)
 .bss           0x008001ba        0x0 c:/winavr-20100110/bin/../lib/gcc/avr/4.3.3/avr4\libgcc.a(_clear_bss.o)
 *(.bss*)
 *(COMMON)
 COMMON         0x008001ba        0xd C:\Users\jason\AppData\Local\Temp/cckVrdUP.o
                0x008001ba                i2c_buf
                0x008001bf                SystemTimers
                0x008001c1                SystemTime
 COMMON         0x008001c7        0xa C:\Users\jason\AppData\Local\Temp/ccgZlqtl.o
                0x008001c7                oogle
                0x008001c8                Menu
 COMMON         0x008001d1        0x2 C:\Users\jason\AppData\Local\Temp/ccMnt6y2.o
                0x008001d1                Kbd
 COMMON         0x008001d3        0x1 C:\Users\jason\AppData\Local\Temp/cc6VcCNQ.o
                0x008001d3                i
 COMMON         0x008001d4       0x66 C:\Users\jason\AppData\Local\Temp/ccMPPg7W.o
                0x008001d4                RxSerial
                0x00800219                TxSerial
 COMMON         0x0080023a        0xa C:\Users\jason\AppData\Local\Temp/ccT0e6qX.o
                0x0080023a                Time
 COMMON         0x00800244       0x15 C:\Users\jason\AppData\Local\Temp/ccTh27Wp.o
                0x00800244                Pwm_flag
                0x00800245                google
                0x00800246                charging_info
                0x00800248                ChargeState
                0x00800249                gFAST_CURRENT_MAX
                0x0080024b                MasterTimePresent
                0x0080024c                time
                0x00800256                gFAST_VOLTAGE_TERMINATE
                0x00800258                VirginSlaveSetTime
 COMMON         0x00800259       0x4d C:\Users\jason\AppData\Local\Temp/cc6h0QsN.o
                0x00800259                PackInfo
                0x008002a6                PROVIDE (__bss_end, .)
                0x00001fb4                __data_load_start = LOADADDR (.data)
                0x0000206a                __data_load_end = (__data_load_start + SIZEOF (.data))

.noinit         0x008002a6        0x0
                0x008002a6                PROVIDE (__noinit_start, .)
 *(.noinit*)
                0x008002a6                PROVIDE (__noinit_end, .)
                0x008002a6                _end = .
                0x008002a6                PROVIDE (__heap_start, .)

.eeprom         0x00810000        0x0
 *(.eeprom*)
                0x00810000                __eeprom_end = .

.fuse
 *(.fuse)
 *(.lfuse)
 *(.hfuse)
 *(.efuse)

.lock
 *(.lock*)

.signature
 *(.signature*)

.stab
 *(.stab)

.stabstr
 *(.stabstr)

.stab.excl
 *(.stab.excl)

.stab.exclstr
 *(.stab.exclstr)

.stab.index
 *(.stab.index)

.stab.indexstr
 *(.stab.indexstr)

.comment
 *(.comment)

.debug
 *(.debug)

.line
 *(.line)

.debug_srcinfo
 *(.debug_srcinfo)

.debug_sfnames
 *(.debug_sfnames)

.debug_aranges  0x00000000      0x180
 *(.debug_aranges)
 .debug_aranges
                0x00000000       0x20 C:\Users\jason\AppData\Local\Temp/cckVrdUP.o
 .debug_aranges
                0x00000020       0x20 C:\Users\jason\AppData\Local\Temp/ccKsNZWg.o
 .debug_aranges
                0x00000040       0x20 C:\Users\jason\AppData\Local\Temp/cc0k6fNJ.o
 .debug_aranges
                0x00000060       0x20 C:\Users\jason\AppData\Local\Temp/ccgZlqtl.o
 .debug_aranges
                0x00000080       0x20 C:\Users\jason\AppData\Local\Temp/ccMnt6y2.o
 .debug_aranges
                0x000000a0       0x20 C:\Users\jason\AppData\Local\Temp/cc6VcCNQ.o
 .debug_aranges
                0x000000c0       0x20 C:\Users\jason\AppData\Local\Temp/ccEhCu2L.o
 .debug_aranges
                0x000000e0       0x20 C:\Users\jason\AppData\Local\Temp/ccYDLWOO.o
 .debug_aranges
                0x00000100       0x20 C:\Users\jason\AppData\Local\Temp/ccMPPg7W.o
 .debug_aranges
                0x00000120       0x20 C:\Users\jason\AppData\Local\Temp/ccT0e6qX.o
 .debug_aranges
                0x00000140       0x20 C:\Users\jason\AppData\Local\Temp/ccYAX0n3.o
 .debug_aranges
                0x00000160       0x20 C:\Users\jason\AppData\Local\Temp/ccTh27Wp.o

.debug_pubnames
                0x00000000      0x9bf
 *(.debug_pubnames)
 .debug_pubnames
                0x00000000       0x51 C:\Users\jason\AppData\Local\Temp/cckVrdUP.o
 .debug_pubnames
                0x00000051       0x47 C:\Users\jason\AppData\Local\Temp/ccKsNZWg.o
 .debug_pubnames
                0x00000098       0x93 C:\Users\jason\AppData\Local\Temp/cc0k6fNJ.o
 .debug_pubnames
                0x0000012b       0xcd C:\Users\jason\AppData\Local\Temp/ccgZlqtl.o
 .debug_pubnames
                0x000001f8       0x36 C:\Users\jason\AppData\Local\Temp/ccMnt6y2.o
 .debug_pubnames
                0x0000022e       0xbd C:\Users\jason\AppData\Local\Temp/cc6VcCNQ.o
 .debug_pubnames
                0x000002eb       0xf8 C:\Users\jason\AppData\Local\Temp/ccEhCu2L.o
 .debug_pubnames
                0x000003e3       0xa3 C:\Users\jason\AppData\Local\Temp/ccYDLWOO.o
 .debug_pubnames
                0x00000486       0xa6 C:\Users\jason\AppData\Local\Temp/ccMPPg7W.o
 .debug_pubnames
                0x0000052c       0x5b C:\Users\jason\AppData\Local\Temp/ccT0e6qX.o
 .debug_pubnames
                0x00000587       0x3c C:\Users\jason\AppData\Local\Temp/ccYAX0n3.o
 .debug_pubnames
                0x000005c3      0x3d1 C:\Users\jason\AppData\Local\Temp/ccTh27Wp.o
 .debug_pubnames
                0x00000994       0x2b C:\Users\jason\AppData\Local\Temp/cc6h0QsN.o

.debug_info     0x00000000     0x2f62
 *(.debug_info)
 .debug_info    0x00000000      0x1f4 C:\Users\jason\AppData\Local\Temp/cckVrdUP.o
 .debug_info    0x000001f4      0x11d C:\Users\jason\AppData\Local\Temp/ccKsNZWg.o
 .debug_info    0x00000311      0x1d5 C:\Users\jason\AppData\Local\Temp/cc0k6fNJ.o
 .debug_info    0x000004e6      0x568 C:\Users\jason\AppData\Local\Temp/ccgZlqtl.o
 .debug_info    0x00000a4e      0x17c C:\Users\jason\AppData\Local\Temp/ccMnt6y2.o
 .debug_info    0x00000bca      0x48b C:\Users\jason\AppData\Local\Temp/cc6VcCNQ.o
 .debug_info    0x00001055      0x488 C:\Users\jason\AppData\Local\Temp/ccEhCu2L.o
 .debug_info    0x000014dd      0x324 C:\Users\jason\AppData\Local\Temp/ccYDLWOO.o
 .debug_info    0x00001801      0x2ed C:\Users\jason\AppData\Local\Temp/ccMPPg7W.o
 .debug_info    0x00001aee      0x228 C:\Users\jason\AppData\Local\Temp/ccT0e6qX.o
 .debug_info    0x00001d16       0xc2 C:\Users\jason\AppData\Local\Temp/ccYAX0n3.o
 .debug_info    0x00001dd8      0xf1d C:\Users\jason\AppData\Local\Temp/ccTh27Wp.o
 .debug_info    0x00002cf5      0x26d C:\Users\jason\AppData\Local\Temp/cc6h0QsN.o
 *(.gnu.linkonce.wi.*)

.debug_abbrev   0x00000000      0xf1d
 *(.debug_abbrev)
 .debug_abbrev  0x00000000      0x104 C:\Users\jason\AppData\Local\Temp/cckVrdUP.o
 .debug_abbrev  0x00000104       0xb8 C:\Users\jason\AppData\Local\Temp/ccKsNZWg.o
 .debug_abbrev  0x000001bc       0x93 C:\Users\jason\AppData\Local\Temp/cc0k6fNJ.o
 .debug_abbrev  0x0000024f      0x194 C:\Users\jason\AppData\Local\Temp/ccgZlqtl.o
 .debug_abbrev  0x000003e3       0xeb C:\Users\jason\AppData\Local\Temp/ccMnt6y2.o
 .debug_abbrev  0x000004ce      0x161 C:\Users\jason\AppData\Local\Temp/cc6VcCNQ.o
 .debug_abbrev  0x0000062f      0x1d4 C:\Users\jason\AppData\Local\Temp/ccEhCu2L.o
 .debug_abbrev  0x00000803       0xf1 C:\Users\jason\AppData\Local\Temp/ccYDLWOO.o
 .debug_abbrev  0x000008f4      0x12f C:\Users\jason\AppData\Local\Temp/ccMPPg7W.o
 .debug_abbrev  0x00000a23       0xed C:\Users\jason\AppData\Local\Temp/ccT0e6qX.o
 .debug_abbrev  0x00000b10       0x7d C:\Users\jason\AppData\Local\Temp/ccYAX0n3.o
 .debug_abbrev  0x00000b8d      0x2ee C:\Users\jason\AppData\Local\Temp/ccTh27Wp.o
 .debug_abbrev  0x00000e7b       0xa2 C:\Users\jason\AppData\Local\Temp/cc6h0QsN.o

.debug_line     0x00000000     0x26c6
 *(.debug_line)
 .debug_line    0x00000000       0xd2 C:\Users\jason\AppData\Local\Temp/cckVrdUP.o
 .debug_line    0x000000d2       0xd2 C:\Users\jason\AppData\Local\Temp/ccKsNZWg.o
 .debug_line    0x000001a4      0x191 C:\Users\jason\AppData\Local\Temp/cc0k6fNJ.o
 .debug_line    0x00000335      0x556 C:\Users\jason\AppData\Local\Temp/ccgZlqtl.o
 .debug_line    0x0000088b      0x169 C:\Users\jason\AppData\Local\Temp/ccMnt6y2.o
 .debug_line    0x000009f4      0x343 C:\Users\jason\AppData\Local\Temp/cc6VcCNQ.o
 .debug_line    0x00000d37      0x394 C:\Users\jason\AppData\Local\Temp/ccEhCu2L.o
 .debug_line    0x000010cb      0x23d C:\Users\jason\AppData\Local\Temp/ccYDLWOO.o
 .debug_line    0x00001308      0x24d C:\Users\jason\AppData\Local\Temp/ccMPPg7W.o
 .debug_line    0x00001555      0x12d C:\Users\jason\AppData\Local\Temp/ccT0e6qX.o
 .debug_line    0x00001682       0xbd C:\Users\jason\AppData\Local\Temp/ccYAX0n3.o
 .debug_line    0x0000173f      0xefb C:\Users\jason\AppData\Local\Temp/ccTh27Wp.o
 .debug_line    0x0000263a       0x8c C:\Users\jason\AppData\Local\Temp/cc6h0QsN.o

.debug_frame    0x00000000      0x710
 *(.debug_frame)
 .debug_frame   0x00000000       0x30 C:\Users\jason\AppData\Local\Temp/cckVrdUP.o
 .debug_frame   0x00000030       0x30 C:\Users\jason\AppData\Local\Temp/ccKsNZWg.o
 .debug_frame   0x00000060       0x80 C:\Users\jason\AppData\Local\Temp/cc0k6fNJ.o
 .debug_frame   0x000000e0       0x70 C:\Users\jason\AppData\Local\Temp/ccgZlqtl.o
 .debug_frame   0x00000150       0x30 C:\Users\jason\AppData\Local\Temp/ccMnt6y2.o
 .debug_frame   0x00000180       0xd0 C:\Users\jason\AppData\Local\Temp/cc6VcCNQ.o
 .debug_frame   0x00000250       0xd0 C:\Users\jason\AppData\Local\Temp/ccEhCu2L.o
 .debug_frame   0x00000320       0xa0 C:\Users\jason\AppData\Local\Temp/ccYDLWOO.o
 .debug_frame   0x000003c0       0x80 C:\Users\jason\AppData\Local\Temp/ccMPPg7W.o
 .debug_frame   0x00000440       0x40 C:\Users\jason\AppData\Local\Temp/ccT0e6qX.o
 .debug_frame   0x00000480       0x30 C:\Users\jason\AppData\Local\Temp/ccYAX0n3.o
 .debug_frame   0x000004b0      0x260 C:\Users\jason\AppData\Local\Temp/ccTh27Wp.o

.debug_str      0x00000000      0xcfe
 *(.debug_str)
 .debug_str     0x00000000       0xf4 C:\Users\jason\AppData\Local\Temp/cckVrdUP.o
                                0x145 (size before relaxing)
 .debug_str     0x000000f4       0x48 C:\Users\jason\AppData\Local\Temp/ccKsNZWg.o
                                0x107 (size before relaxing)
 .debug_str     0x0000013c       0x97 C:\Users\jason\AppData\Local\Temp/cc0k6fNJ.o
                                0x153 (size before relaxing)
 .debug_str     0x000001d3      0x25e C:\Users\jason\AppData\Local\Temp/ccgZlqtl.o
                                0x381 (size before relaxing)
 .debug_str     0x00000431       0x5c C:\Users\jason\AppData\Local\Temp/ccMnt6y2.o
                                0x147 (size before relaxing)
 .debug_str     0x0000048d       0x92 C:\Users\jason\AppData\Local\Temp/cc6VcCNQ.o
                                0x14e (size before relaxing)
 .debug_str     0x0000051f      0x10b C:\Users\jason\AppData\Local\Temp/ccEhCu2L.o
                                0x1cd (size before relaxing)
 .debug_str     0x0000062a       0xf7 C:\Users\jason\AppData\Local\Temp/ccYDLWOO.o
                                0x1b8 (size before relaxing)
 .debug_str     0x00000721      0x147 C:\Users\jason\AppData\Local\Temp/ccMPPg7W.o
                                0x21e (size before relaxing)
 .debug_str     0x00000868       0x47 C:\Users\jason\AppData\Local\Temp/ccT0e6qX.o
                                0x142 (size before relaxing)
 .debug_str     0x000008af       0x34 C:\Users\jason\AppData\Local\Temp/ccYAX0n3.o
                                 0xeb (size before relaxing)
 .debug_str     0x000008e3      0x407 C:\Users\jason\AppData\Local\Temp/ccTh27Wp.o
                                0x7ec (size before relaxing)
 .debug_str     0x00000cea       0x14 C:\Users\jason\AppData\Local\Temp/cc6h0QsN.o
                                0x1f6 (size before relaxing)

.debug_loc      0x00000000     0x11f8
 *(.debug_loc)
 .debug_loc     0x00000000       0x68 C:\Users\jason\AppData\Local\Temp/cckVrdUP.o
 .debug_loc     0x00000068       0x18 C:\Users\jason\AppData\Local\Temp/ccKsNZWg.o
 .debug_loc     0x00000080      0x154 C:\Users\jason\AppData\Local\Temp/cc0k6fNJ.o
 .debug_loc     0x000001d4      0x1fe C:\Users\jason\AppData\Local\Temp/ccgZlqtl.o
 .debug_loc     0x000003d2       0xc7 C:\Users\jason\AppData\Local\Temp/ccMnt6y2.o
 .debug_loc     0x00000499       0xbf C:\Users\jason\AppData\Local\Temp/cc6VcCNQ.o
 .debug_loc     0x00000558      0x239 C:\Users\jason\AppData\Local\Temp/ccEhCu2L.o
 .debug_loc     0x00000791      0x298 C:\Users\jason\AppData\Local\Temp/ccYDLWOO.o
 .debug_loc     0x00000a29       0x70 C:\Users\jason\AppData\Local\Temp/ccMPPg7W.o
 .debug_loc     0x00000a99       0xfd C:\Users\jason\AppData\Local\Temp/ccT0e6qX.o
 .debug_loc     0x00000b96      0x662 C:\Users\jason\AppData\Local\Temp/ccTh27Wp.o

.debug_macinfo
 *(.debug_macinfo)
OUTPUT(ChargerII.elf elf32-avr)
LOAD linker stubs

.debug_ranges   0x00000000       0xe8
 .debug_ranges  0x00000000       0x40 C:\Users\jason\AppData\Local\Temp/ccgZlqtl.o
 .debug_ranges  0x00000040       0x18 C:\Users\jason\AppData\Local\Temp/ccMnt6y2.o
 .debug_ranges  0x00000058       0x18 C:\Users\jason\AppData\Local\Temp/ccEhCu2L.o
 .debug_ranges  0x00000070       0x18 C:\Users\jason\AppData\Local\Temp/ccYDLWOO.o
 .debug_ranges  0x00000088       0x60 C:\Users\jason\AppData\Local\Temp/ccTh27Wp.o
